=== FINAL CRAG RESEARCH BENCHMARK EXECUTION LOG ===

[001/100] Q: 'What is Henry Feilden's occupation?' | Decision: CORRECT (MaxScore=+0.9593) | Latency: 3.38s
[002/100] Q: 'What is Herlyn Espinal's occupation?' | Decision: CORRECT (MaxScore=+0.9977) | Latency: 3.98s
[003/100] Q: 'What is Edward Corser's occupation?' | Decision: CORRECT (MaxScore=+0.9440) | Latency: 4.94s
[004/100] Q: 'What is John Finlay's occupation?' | Decision: CORRECT (MaxScore=+0.9700) | Latency: 4.78s
[005/100] Q: 'What is Bruce McDaniel's occupation?' | Decision: AMBIGUOUS (MaxScore=-0.4387) | Latency: 7.23s
[006/100] Q: 'What is Edwin Wallock's occupation?' | Decision: CORRECT (MaxScore=+0.9607) | Latency: 3.38s
[007/100] Q: 'What is Matthew McKay's occupation?' | Decision: CORRECT (MaxScore=+0.9221) | Latency: 3.27s
[008/100] Q: 'What is Dominick Bellizzi's occupation?' | Decision: CORRECT (MaxScore=+0.8921) | Latency: 3.13s
[009/100] Q: 'What is Ole Krarup's occupation?' | Decision: CORRECT (MaxScore=+0.9975) | Latency: 4.41s
[010/100] Q: 'What is Antonio Álvarez Alonso's occupation?' | Decision: INCORRECT (MaxScore=-0.9969) | Latency: 5.93s
[011/100] Q: 'What is Boutheina Jabnoun's occupation?' | Decision: CORRECT (MaxScore=+0.9996) | Latency: 3.33s
[012/100] Q: 'What is Derek Wheatley's occupation?' | Decision: AMBIGUOUS (MaxScore=+0.4689) | Latency: 7.29s
[013/100] Q: 'What is Herman A. Barnett's occupation?' | Decision: AMBIGUOUS (MaxScore=-0.9767) | Latency: 5.53s
[014/100] Q: 'What is Modou Dia's occupation?' | Decision: CORRECT (MaxScore=+0.9619) | Latency: 3.11s
[015/100] Q: 'What is Jon Eikemo's occupation?' | Decision: CORRECT (MaxScore=+0.8222) | Latency: 3.07s
[016/100] Q: 'What is Marco Ameglio's occupation?' | Decision: CORRECT (MaxScore=+0.9763) | Latency: 2.81s
[017/100] Q: 'What is Valgerður Bjarnadóttir's occupation?' | Decision: INCORRECT (MaxScore=-0.9991) | Latency: 5.91s
[018/100] Q: 'What is Russell Stokes's occupation?' | Decision: CORRECT (MaxScore=+0.9922) | Latency: 3.34s
[019/100] Q: 'What is Jim Brown's occupation?' | Decision: CORRECT (MaxScore=+0.8276) | Latency: 2.83s
[020/100] Q: 'What is Edwin E. Ellis's occupation?' | Decision: AMBIGUOUS (MaxScore=+0.1649) | Latency: 5.87s
[021/100] Q: 'What is Muhammad Ali Luqman's occupation?' | Decision: CORRECT (MaxScore=+0.9954) | Latency: 2.59s
[022/100] Q: 'What is Ivo Perilli's occupation?' | Decision: CORRECT (MaxScore=+0.9949) | Latency: 2.76s
[023/100] Q: 'What is Rinaldo del Mel's occupation?' | Decision: CORRECT (MaxScore=+0.8206) | Latency: 3.32s
[024/100] Q: 'What is Annie Beustes's occupation?' | Decision: CORRECT (MaxScore=+0.7624) | Latency: 2.93s
[025/100] Q: 'What is Kazuyoshi Sekine's occupation?' | Decision: CORRECT (MaxScore=+0.9755) | Latency: 3.13s
[026/100] Q: 'What is Domingo Eyzaguirre's occupation?' | Decision: CORRECT (MaxScore=+0.9078) | Latency: 3.06s
[027/100] Q: 'What is Charles Harrison's occupation?' | Decision: AMBIGUOUS (MaxScore=-0.9040) | Latency: 6.51s
[028/100] Q: 'What is Richard Harris's occupation?' | Decision: AMBIGUOUS (MaxScore=+0.4605) | Latency: 6.53s
[029/100] Q: 'What is Peter Murnoy's occupation?' | Decision: CORRECT (MaxScore=+0.7089) | Latency: 2.69s
[030/100] Q: 'What is James M. Geraghty's occupation?' | Decision: CORRECT (MaxScore=+0.9831) | Latency: 2.95s
[031/100] Q: 'What is Michael Hutchings's occupation?' | Decision: AMBIGUOUS (MaxScore=-0.3660) | Latency: 13.11s
[032/100] Q: 'What is James Alex Msekela's occupation?' | Decision: AMBIGUOUS (MaxScore=+0.4764) | Latency: 5.81s
[033/100] Q: 'What is Masayoshi Nataniya's occupation?' | Decision: CORRECT (MaxScore=+0.9868) | Latency: 4.20s
[034/100] Q: 'What is Ernst Timme's occupation?' | Decision: CORRECT (MaxScore=+0.8991) | Latency: 3.40s
[035/100] Q: 'What is Ludwig Lichtschein's occupation?' | Decision: AMBIGUOUS (MaxScore=-0.9286) | Latency: 7.15s
[036/100] Q: 'What is Władysław Sławny's occupation?' | Decision: INCORRECT (MaxScore=-0.9980) | Latency: 7.39s
[037/100] Q: 'What is Walter Köbel's occupation?' | Decision: AMBIGUOUS (MaxScore=-0.2881) | Latency: 8.42s
[038/100] Q: 'What is John Barnes's occupation?' | Decision: CORRECT (MaxScore=+0.7518) | Latency: 3.83s
[039/100] Q: 'What is Adil Shamoo's occupation?' | Decision: CORRECT (MaxScore=+0.7741) | Latency: 3.83s
[040/100] Q: 'What is Patrick Mulvany's occupation?' | Decision: CORRECT (MaxScore=+0.7657) | Latency: 3.19s
[041/100] Q: 'What is Arcangelo Ghisleri's occupation?' | Decision: AMBIGUOUS (MaxScore=-0.0173) | Latency: 6.33s
[042/100] Q: 'What is Giora Godik's occupation?' | Decision: AMBIGUOUS (MaxScore=-0.9334) | Latency: 5.64s
[043/100] Q: 'What is Thomas Challis's occupation?' | Decision: CORRECT (MaxScore=+0.9174) | Latency: 3.46s
[044/100] Q: 'What is Christopher Butson's occupation?' | Decision: CORRECT (MaxScore=+0.8054) | Latency: 3.27s
[045/100] Q: 'What is Rich Brightman's occupation?' | Decision: CORRECT (MaxScore=+0.9300) | Latency: 3.16s
[046/100] Q: 'What is Franz Seitz Sr.'s occupation?' | Decision: CORRECT (MaxScore=+0.9974) | Latency: 2.92s
[047/100] Q: 'What is Frederick Dundas's occupation?' | Decision: CORRECT (MaxScore=+0.9810) | Latency: 3.33s
[048/100] Q: 'What is Olav T. Laake's occupation?' | Decision: AMBIGUOUS (MaxScore=+0.0491) | Latency: 6.66s
[049/100] Q: 'What is Eliza Lawrence's occupation?' | Decision: CORRECT (MaxScore=+0.9966) | Latency: 3.55s
[050/100] Q: 'What is Charles Combe's occupation?' | Decision: CORRECT (MaxScore=+0.9994) | Latency: 2.71s
[051/100] Q: 'What is John D. Maurice's occupation?' | Decision: CORRECT (MaxScore=+0.9368) | Latency: 2.71s
[052/100] Q: 'What is Raymond S. Burton's occupation?' | Decision: CORRECT (MaxScore=+0.9989) | Latency: 2.70s
[053/100] Q: 'What is Ernst Theodor Echtermeyer's occupation?' | Decision: CORRECT (MaxScore=+0.9804) | Latency: 2.92s
[054/100] Q: 'What is Debra Weeks's occupation?' | Decision: CORRECT (MaxScore=+0.9880) | Latency: 2.64s
[055/100] Q: 'What is Bedřich Feigl's occupation?' | Decision: AMBIGUOUS (MaxScore=-0.5098) | Latency: 6.24s
[056/100] Q: 'What is Edward Gunasekara's occupation?' | Decision: AMBIGUOUS (MaxScore=+0.4377) | Latency: 5.73s
[057/100] Q: 'What is David M. Westcott's occupation?' | Decision: AMBIGUOUS (MaxScore=+0.2106) | Latency: 5.67s
[058/100] Q: 'What is J. Da Silva's occupation?' | Decision: AMBIGUOUS (MaxScore=-0.0702) | Latency: 5.76s
[059/100] Q: 'What is Carsten Carlsen's occupation?' | Decision: CORRECT (MaxScore=+0.9935) | Latency: 2.42s
[060/100] Q: 'What is Fritz Goos's occupation?' | Decision: CORRECT (MaxScore=+0.8891) | Latency: 3.09s
[061/100] Q: 'What is Alexander Gadolin's occupation?' | Decision: AMBIGUOUS (MaxScore=-0.0223) | Latency: 6.19s
[062/100] Q: 'What is Levi P. Powers's occupation?' | Decision: CORRECT (MaxScore=+0.8721) | Latency: 2.73s
[063/100] Q: 'What is John Strange's occupation?' | Decision: AMBIGUOUS (MaxScore=-0.3742) | Latency: 5.62s
[064/100] Q: 'What is Walter de la Pole's occupation?' | Decision: CORRECT (MaxScore=+0.8642) | Latency: 3.80s
[065/100] Q: 'What is Kyaw Swe's occupation?' | Decision: CORRECT (MaxScore=+0.9897) | Latency: 3.72s
[066/100] Q: 'What is Paul Caillaud's occupation?' | Decision: AMBIGUOUS (MaxScore=-0.2104) | Latency: 5.68s
[067/100] Q: 'What is Bridie O'Flaherty's occupation?' | Decision: CORRECT (MaxScore=+0.9916) | Latency: 4.48s
[068/100] Q: 'What is Ivan Kulichenko's occupation?' | Decision: CORRECT (MaxScore=+0.9947) | Latency: 6.05s
[069/100] Q: 'What is Giuseppe Demachi's occupation?' | Decision: CORRECT (MaxScore=+0.9851) | Latency: 3.80s
[070/100] Q: 'What is E. David Redwine's occupation?' | Decision: AMBIGUOUS (MaxScore=-0.9837) | Latency: 5.85s
[071/100] Q: 'What is Kyriakos Mavronikolas's occupation?' | Decision: CORRECT (MaxScore=+0.9984) | Latency: 3.10s
[072/100] Q: 'What is John Blake, Jr.'s occupation?' | Decision: CORRECT (MaxScore=+0.8890) | Latency: 2.86s
[073/100] Q: 'What is Mami Matsui's occupation?' | Decision: CORRECT (MaxScore=+0.9152) | Latency: 3.01s
[074/100] Q: 'What is Marie-France Mignal's occupation?' | Decision: CORRECT (MaxScore=+0.9991) | Latency: 2.99s
[075/100] Q: 'What is Andreas Rüdiger's occupation?' | Decision: AMBIGUOUS (MaxScore=-0.7640) | Latency: 6.11s
[076/100] Q: 'What is Robert Lewis's occupation?' | Decision: CORRECT (MaxScore=+0.7274) | Latency: 5.17s
[077/100] Q: 'What is Guillem Ramon de Gironella's occupation?' | Decision: CORRECT (MaxScore=+0.9907) | Latency: 6.94s
[078/100] Q: 'What is Alan Mauritz Swanson's occupation?' | Decision: AMBIGUOUS (MaxScore=-0.0301) | Latency: 6.55s
[079/100] Q: 'What is Harvey William Burk's occupation?' | Decision: AMBIGUOUS (MaxScore=-0.8274) | Latency: 6.02s
[080/100] Q: 'What is Jörg A. Eggers's occupation?' | Decision: AMBIGUOUS (MaxScore=-0.9511) | Latency: 6.04s
[081/100] Q: 'What is Petru Vlah's occupation?' | Decision: CORRECT (MaxScore=+0.8241) | Latency: 3.33s
[082/100] Q: 'What is Pierre Abraham's occupation?' | Decision: AMBIGUOUS (MaxScore=+0.5317) | Latency: 5.77s
[083/100] Q: 'What is Elvin Penner's occupation?' | Decision: CORRECT (MaxScore=+0.9914) | Latency: 2.63s
[084/100] Q: 'What is Rodrigo Arocena's occupation?' | Decision: CORRECT (MaxScore=+0.9996) | Latency: 3.59s
[085/100] Q: 'What is Fidel Antuña Batista's occupation?' | Decision: AMBIGUOUS (MaxScore=-0.9692) | Latency: 7.78s
[086/100] Q: 'What is Thomas Gifford's occupation?' | Decision: CORRECT (MaxScore=+0.9837) | Latency: 3.18s
[087/100] Q: 'What is Pietro Marcenaro's occupation?' | Decision: CORRECT (MaxScore=+0.9843) | Latency: 3.78s
[088/100] Q: 'What is William Australia Graham's occupation?' | Decision: CORRECT (MaxScore=+0.9872) | Latency: 3.78s
[089/100] Q: 'What is Richard Myers's occupation?' | Decision: CORRECT (MaxScore=+0.9638) | Latency: 3.08s
[090/100] Q: 'What is Frits Castricum's occupation?' | Decision: AMBIGUOUS (MaxScore=-0.0684) | Latency: 5.99s
[091/100] Q: 'What is Per Risvik's occupation?' | Decision: CORRECT (MaxScore=+0.9877) | Latency: 2.02s
[092/100] Q: 'What is Alan Bjerga's occupation?' | Decision: CORRECT (MaxScore=+0.9933) | Latency: 2.79s
[093/100] Q: 'What is Rose Beaudet's occupation?' | Decision: CORRECT (MaxScore=+0.8760) | Latency: 3.99s
[094/100] Q: 'What is Jean Gabriel Marie's occupation?' | Decision: CORRECT (MaxScore=+0.9987) | Latency: 2.03s
[095/100] Q: 'What is George Birnie Esslemont's occupation?' | Decision: CORRECT (MaxScore=+0.9811) | Latency: 3.92s
[096/100] Q: 'What is Shorty Hamilton's occupation?' | Decision: CORRECT (MaxScore=+0.9906) | Latency: 4.85s
[097/100] Q: 'What is Nandor Balazs's occupation?' | Decision: AMBIGUOUS (MaxScore=-0.5219) | Latency: 5.50s
[098/100] Q: 'What is Maurice Le Boucher's occupation?' | Decision: CORRECT (MaxScore=+0.8591) | Latency: 2.97s
[099/100] Q: 'What is T. P. Poonatchi's occupation?' | Decision: CORRECT (MaxScore=+0.9987) | Latency: 2.90s
[100/100] Q: 'What is René Bégin's occupation?' | Decision: INCORRECT (MaxScore=-0.9999) | Latency: 5.22s
